{"email":"CM4bD3","error":"No recipients defined","level":"error","message":"Failed to send verification email","timestamp":"2025-12-18T15:41:53.821Z"}
{"email":"snowsparrow5566@gmail.com","error":"No recipients defined","level":"error","message":"Email Verification failed","timestamp":"2025-12-18T15:41:53.822Z"}
{"email":"rtD3wR","error":"No recipients defined","level":"error","message":"Failed to send verification email","timestamp":"2025-12-18T15:42:19.471Z"}
{"email":"snowsparrow5566@gmail.com","error":"No recipients defined","level":"error","message":"Email Verification failed","timestamp":"2025-12-18T15:42:19.473Z"}
{"email":"NsLdpx","error":"No recipients defined","level":"error","message":"Failed to send verification email","timestamp":"2025-12-18T17:53:57.003Z"}
{"email":"snowsparrow5566@gmail.com","error":"No recipients defined","level":"error","message":"Email Verification failed","timestamp":"2025-12-18T17:53:57.013Z"}
{"email":"AUR1eG","error":"No recipients defined","level":"error","message":"Failed to send verification email","timestamp":"2025-12-18T18:11:57.515Z"}
{"email":"snowsparrow5566@gmail.com","error":"No recipients defined","level":"error","message":"Email Verification failed","timestamp":"2025-12-18T18:11:57.519Z"}
{"email":"damiansparrow5566@gmail.com","error":"brevo.TransactionalEmailsApi is not a constructor","level":"error","message":"Failed to send verification email","timestamp":"2026-07-31T13:37:01.254Z"}
{"email":"damiansparrow5566@gmail.com","error":"brevo.TransactionalEmailsApi is not a constructor","level":"error","message":"Email Verification failed","timestamp":"2026-07-31T13:37:01.257Z"}
{"email":"damiansparrow5566@gmail.com","error":"getaddrinfo EAI_AGAIN api.brevo.com","level":"error","message":"Failed to send verification email","timestamp":"2026-07-31T13:45:28.973Z"}
{"email":"damiansparrow5566@gmail.com","error":"getaddrinfo EAI_AGAIN api.brevo.com","level":"error","message":"Email Verification failed","timestamp":"2026-07-31T13:45:28.974Z"}
{"email":"damian@example.com","error":"brevo.TransactionalEmailsApi is not a constructor","level":"error","message":"Failed to send verification email","timestamp":"2026-07-31T15:34:25.990Z"}
{"email":"damian@example.com","error":"brevo.TransactionalEmailsApi is not a constructor","level":"error","message":"Email Verification failed","timestamp":"2026-07-31T15:34:25.991Z"}
{"email":"damiansparrow5566@gmail.com","error":"brevo.TransactionalEmailsApi is not a constructor","level":"error","message":"Failed to send verification email","timestamp":"2026-07-31T15:35:20.766Z"}
{"email":"damiansparrow5566@gmail.com","error":"brevo.TransactionalEmailsApi is not a constructor","level":"error","message":"Email Verification failed","timestamp":"2026-07-31T15:35:20.767Z"}
{"email":"damiansparrow5566@gmail.com","error":"brevo.TransactionalEmailsApi is not a constructor","level":"error","message":"Failed to send verification email","timestamp":"2026-07-31T15:36:28.039Z"}
{"email":"damiansparrow5566@gmail.com","error":"brevo.TransactionalEmailsApi is not a constructor","level":"error","message":"Email Verification failed","timestamp":"2026-07-31T15:36:28.042Z"}
{"email":"damiansparrow5566@gmail.com","error":"Cannot read properties of undefined (reading 'apiKey')","level":"error","message":"Failed to send verification email","timestamp":"2026-07-31T15:44:15.574Z"}
{"email":"damiansparrow5566@gmail.com","error":"Cannot read properties of undefined (reading 'apiKey')","level":"error","message":"Email Verification failed","timestamp":"2026-07-31T15:44:15.575Z"}
{"email":"damiansparrow5566@gmail.com","error":"getaddrinfo EAI_AGAIN api.sendinblue.com","level":"error","message":"Failed to send verification email","timestamp":"2026-07-31T15:46:06.547Z"}
{"email":"damiansparrow5566@gmail.com","error":"getaddrinfo EAI_AGAIN api.sendinblue.com","level":"error","message":"Email Verification failed","timestamp":"2026-07-31T15:46:06.548Z"}
{"email":"damiansparrow5566@gmail.com","error":"Brevo is not a constructor","level":"error","message":"Failed to send verification email","timestamp":"2026-07-31T15:51:19.942Z"}
{"email":"damiansparrow5566@gmail.com","error":"Brevo is not a constructor","level":"error","message":"Email Verification failed","timestamp":"2026-07-31T15:51:19.944Z"}
{"email":"damiansparrow5566@gmail.com","error":"Brevo is not a constructor","level":"error","message":"Failed to send verification email","timestamp":"2026-07-31T15:55:52.294Z"}
{"email":"damiansparrow5566@gmail.com","error":"Brevo is not a constructor","level":"error","message":"Email Verification failed","timestamp":"2026-07-31T15:55:52.302Z"}
{"email":"damiansparrow5566@gmail.com","error":"brevo.TransactionalEmailsApi is not a constructor","level":"error","message":"Failed to send verification email","timestamp":"2026-07-31T15:58:07.890Z"}
{"email":"damiansparrow5566@gmail.com","error":"brevo.TransactionalEmailsApi is not a constructor","level":"error","message":"Email Verification failed","timestamp":"2026-07-31T15:58:07.892Z"}
{"email":"damiansparrow5566@gmail.com","error":"Unauthorized","level":"error","message":"Failed to send verification email","timestamp":"2026-07-31T16:04:29.066Z"}
{"email":"damiansparrow5566@gmail.com","error":"Unauthorized","level":"error","message":"Email Verification failed","timestamp":"2026-07-31T16:04:29.067Z"}
{"email":"damiansparrow5566@gmail.com","error":"Bad Request","level":"error","message":"Failed to send verification email","timestamp":"2026-07-31T16:06:02.633Z"}
{"email":"damiansparrow5566@gmail.com","error":"Bad Request","level":"error","message":"Email Verification failed","timestamp":"2026-07-31T16:06:02.634Z"}
